// Jest Snapshot v1, https://goo.gl/fbAQLP

exports[`to-have-context-satisfying fails when the actual does not match the expected 1`] = `
"expected
<div class=\\"user\\">
  Harriet Smith
  <span class=\\"email\\">harriet.smith@example.tld</span>
</div>
to have context satisfying { name: /Foo$/, email: 'harriet.smith@example.tld' }

{
  name: 'Harriet Smith', // should match /Foo$/
  email: 'harriet.smith@example.tld'
}"
`;
